
> marketoir@0.1.0 build
> next build

  Γû▓ Next.js 14.2.35
  - Environments: .env

   Creating an optimized production build ...
 Γ£ô Compiled successfully
   Skipping validation of types
   Linting ...
   Collecting page data ...
   Generating static pages (0/211) ...
   Generating static pages (52/211) 
   Generating static pages (105/211) 
node.exe : POS staff list error: B [Error]: Dynamic server usage: Route 
/api/pos/auth/staff couldn't be rendered statically because it used 
`request.url`. See more info here: 
https://nextjs.org/docs/messages/dynamic-server-error
At line:1 char:1
+ & "C:\Program Files\nodejs/node.exe" "C:\Program Files\nodejs/node_mo ...
+ ~~~~~~~~~~~~~~~~~~~~~~~~~~~~~~~~~~~~~~~~~~~~~~~~~~~~~~~~~~~~~~~~~~~~~
    + CategoryInfo          : NotSpecified: (POS staff list ...ic-server-error 
   :String) [], RemoteException
    + FullyQualifiedErrorId : NativeCommandError
 
    at V (C:\Users\mark\OneDrive\Documents\GitHub\marketoir\node_modules\next\d
ist\compiled\next-server\app-route.runtime.prod.js:6:21778)
    at Object.get (C:\Users\mark\OneDrive\Documents\GitHub\marketoir\node_modul
es\next\dist\compiled\next-server\app-route.runtime.prod.js:6:29465)
    at p (C:\Users\mark\OneDrive\Documents\GitHub\marketoir\.next\server\app\ap
i\pos\auth\staff\route.js:1:1491)
    at C:\Users\mark\OneDrive\Documents\GitHub\marketoir\node_modules\next\dist
\compiled\next-server\app-route.runtime.prod.js:6:38417
    at C:\Users\mark\OneDrive\Documents\GitHub\marketoir\node_modules\next\dist
\server\lib\trace\tracer.js:140:36
    at NoopContextManager.with (C:\Users\mark\OneDrive\Documents\GitHub\marketo
ir\node_modules\next\dist\compiled\@opentelemetry\api\index.js:1:7062)
    at ContextAPI.with (C:\Users\mark\OneDrive\Documents\GitHub\marketoir\node_
modules\next\dist\compiled\@opentelemetry\api\index.js:1:518)
    at NoopTracer.startActiveSpan (C:\Users\mark\OneDrive\Documents\GitHub\mark
etoir\node_modules\next\dist\compiled\@opentelemetry\api\index.js:1:18093)
    at ProxyTracer.startActiveSpan (C:\Users\mark\OneDrive\Documents\GitHub\mar
ketoir\node_modules\next\dist\compiled\@opentelemetry\api\index.js:1:18854)
    at C:\Users\mark\OneDrive\Documents\GitHub\marketoir\node_modules\next\dist
\server\lib\trace\tracer.js:122:103 {
  description: "Route /api/pos/auth/staff couldn't be rendered statically 
because it used `request.url`. See more info here: 
https://nextjs.org/docs/messages/dynamic-server-error",
  digest: 'DYNAMIC_SERVER_USAGE'
}
   Generating static pages (158/211) 
 Γ£ô Generating static pages (211/211)
   Finalizing page optimization ...
   Collecting build traces ...

Route (app)                                       Size     First Load JS
Γöî ╞Æ /                                             14.5 kB         111 kB
Γö£ Γùï /_not-found                                   873 B          88.2 kB
Γö£ Γùï /accept-invite                                1.65 kB        97.7 kB
Γö£ Γùï /admin                                        5.12 kB        92.4 kB
Γö£ Γùï /admin/users                                  2.69 kB          90 kB
Γö£ ╞Æ /api/admin/backup                             0 B                0 B
Γö£ ╞Æ /api/admin/businesses                         0 B                0 B
Γö£ ╞Æ /api/admin/businesses/[id]                    0 B                0 B
Γö£ ╞Æ /api/admin/export                             0 B                0 B
Γö£ ╞Æ /api/admin/users                              0 B                0 B
Γö£ ╞Æ /api/ai/ask                                   0 B                0 B
Γö£ ╞Æ /api/ai/brand-asset-chat                      0 B                0 B
Γö£ ╞Æ /api/ai/brand-asset-generate-image            0 B                0 B
Γö£ ╞Æ /api/ai/brand-asset-update-summary            0 B                0 B
Γö£ ╞Æ /api/ai/build-api-instructions                0 B                0 B
Γö£ ╞Æ /api/ai/build-api-schema                      0 B                0 B
Γö£ ╞Æ /api/ai/build-brand-profile                   0 B                0 B
Γö£ ╞Æ /api/ai/build-product-schema                  0 B                0 B
Γö£ ╞Æ /api/ai/campaign-audit                        0 B                0 B
Γö£ ╞Æ /api/ai/chat-summary                          0 B                0 B
Γö£ ╞Æ /api/ai/estimate-volumes                      0 B                0 B
Γö£ ╞Æ /api/ai/gemini-models                         0 B                0 B
Γö£ ╞Æ /api/ai/image-models                          0 B                0 B
Γö£ ╞Æ /api/ai/marketing-mission                     0 B                0 B
Γö£ ╞Æ /api/ai/text-models                           0 B                0 B
Γö£ ╞Æ /api/auth/accept-invite                       0 B                0 B
Γö£ ╞Æ /api/auth/forgot-password                     0 B                0 B
Γö£ ╞Æ /api/auth/invite                              0 B                0 B
Γö£ ╞Æ /api/auth/login                               0 B                0 B
Γö£ ╞Æ /api/auth/logout                              0 B                0 B
Γö£ ╞Æ /api/auth/me                                  0 B                0 B
Γö£ ╞Æ /api/auth/register                            0 B                0 B
Γö£ ╞Æ /api/auth/reset-password                      0 B                0 B
Γö£ ╞Æ /api/calculated/brand-summary                 0 B                0 B
Γö£ ╞Æ /api/calculated/reports                       0 B                0 B
Γö£ ╞Æ /api/calculated/revenue-per-branch            0 B                0 B
Γö£ ╞Æ /api/calculated/top-sellers                   0 B                0 B
Γö£ ╞Æ /api/calculated/yearly-revenue                0 B                0 B
Γö£ ╞Æ /api/customer-service/answer-queries          0 B                0 B
Γö£ ╞Æ /api/customer-service/send-drafts             0 B                0 B
Γö£ ╞Æ /api/dashboard/brand-assets                   0 B                0 B
Γö£ ╞Æ /api/dashboard/brand-assets/[id]              0 B                0 B
Γö£ ╞Æ /api/dashboard/creative-summary               0 B                0 B
Γö£ ╞Æ /api/database/init                            0 B                0 B
Γö£ ╞Æ /api/health                                   0 B                0 B
Γö£ ╞Æ /api/ims/ai/match-invoice-lines               0 B                0 B
Γö£ ╞Æ /api/ims/ai/parse-invoice                     0 B                0 B
Γö£ ╞Æ /api/ims/branch-transfers                     0 B                0 B
Γö£ ╞Æ /api/ims/branch-transfers/[id]                0 B                0 B
Γö£ ╞Æ /api/ims/branch-transfers/[id]/print          0 B                0 B
Γö£ ╞Æ /api/ims/branch-transfers/replenish           0 B                0 B
Γö£ ╞Æ /api/ims/brands                               0 B                0 B
Γö£ ╞Æ /api/ims/brands/[id]                          0 B                0 B
Γö£ ╞Æ /api/ims/contacts                             0 B                0 B
Γö£ ╞Æ /api/ims/contacts/[id]                        0 B                0 B
Γö£ ╞Æ /api/ims/credit-notes                         0 B                0 B
Γö£ ╞Æ /api/ims/credit-notes/[id]                    0 B                0 B
Γö£ ╞Æ /api/ims/credit-notes/[id]/awaiting           0 B                0 B
Γö£ ╞Æ /api/ims/credit-notes/[id]/complete           0 B                0 B
Γö£ ╞Æ /api/ims/dashboard                            0 B                0 B
Γö£ ╞Æ /api/ims/dashboard/sales                      0 B                0 B
Γö£ ╞Æ /api/ims/data-reset                           0 B                0 B
Γö£ ╞Æ /api/ims/exchange-rate                        0 B                0 B
Γö£ ╞Æ /api/ims/filters/search                       0 B                0 B
Γö£ ╞Æ /api/ims/import/purchase-orders               0 B                0 B
Γö£ ╞Æ /api/ims/import/stock-costs                   0 B                0 B
Γö£ ╞Æ /api/ims/import/stock-mins                    0 B                0 B
Γö£ ╞Æ /api/ims/import/stock-snapshot                0 B                0 B
Γö£ ╞Æ /api/ims/locations                            0 B                0 B
Γö£ ╞Æ /api/ims/locations/[id]                       0 B                0 B
Γö£ ╞Æ /api/ims/locations/[id]/targets               0 B                0 B
Γö£ ╞Æ /api/ims/online-sales                         0 B                0 B
Γö£ ╞Æ /api/ims/online-sales/auto-sync               0 B                0 B
Γö£ ╞Æ /api/ims/online-sales/auto-sync-cron          0 B                0 B
Γö£ ╞Æ /api/ims/online-sales/day                     0 B                0 B
Γö£ ╞Æ /api/ims/payment-methods                      0 B                0 B
Γö£ ╞Æ /api/ims/pos-sales                            0 B                0 B
Γö£ ╞Æ /api/ims/pos-sales/day                        0 B                0 B
Γö£ ╞Æ /api/ims/probe-fields                         0 B                0 B
Γö£ ╞Æ /api/ims/product-types                        0 B                0 B
Γö£ ╞Æ /api/ims/products                             0 B                0 B
Γö£ ╞Æ /api/ims/products/[id]                        0 B                0 B
Γö£ ╞Æ /api/ims/products/[id]/ai-creative            0 B                0 B
Γö£ ╞Æ /api/ims/products/[id]/images                 0 B                0 B
Γö£ ╞Æ /api/ims/products/[id]/images/[imageId]/file  0 B                0 B
Γö£ ╞Æ /api/ims/products/[id]/images/upload          0 B                0 B
Γö£ ╞Æ /api/ims/products/[id]/shopify-sync           0 B                0 B
Γö£ ╞Æ /api/ims/products/[id]/stock-history          0 B                0 B
Γö£ ╞Æ /api/ims/products/bulk-edit                   0 B                0 B
Γö£ ╞Æ /api/ims/products/bulk-import                 0 B                0 B
Γö£ ╞Æ /api/ims/products/primary-images              0 B                0 B
Γö£ ╞Æ /api/ims/purchase-orders                      0 B                0 B
Γö£ ╞Æ /api/ims/purchase-orders/[id]                 0 B                0 B
Γö£ ╞Æ /api/ims/purchase-orders/[id]/files           0 B                0 B
Γö£ ╞Æ /api/ims/purchase-orders/[id]/files/[fileId]  0 B                0 B
Γö£ ╞Æ /api/ims/purchase-orders/[id]/payments        0 B                0 B
Γö£ ╞Æ /api/ims/purchase-orders/[id]/payments/[pid]  0 B                0 B
Γö£ ╞Æ /api/ims/purchase-orders/[id]/pdf             0 B                0 B
Γö£ ╞Æ /api/ims/receive/batch                        0 B                0 B
Γö£ ╞Æ /api/ims/receive/pending-pos                  0 B                0 B
Γö£ ╞Æ /api/ims/refresh-sales-cache                  0 B                0 B
Γö£ ╞Æ /api/ims/reports/inventory-valuation          0 B                0 B
Γö£ ╞Æ /api/ims/reports/pos-price-changes            0 B                0 B
Γö£ ╞Æ /api/ims/reports/pos-registers                0 B                0 B
Γö£ ╞Æ /api/ims/reports/product-margin               0 B                0 B
Γö£ ╞Æ /api/ims/reports/sales-by-branch              0 B                0 B
Γö£ ╞Æ /api/ims/sales-orders                         0 B                0 B
Γö£ ╞Æ /api/ims/sales-orders/[id]                    0 B                0 B
Γö£ ╞Æ /api/ims/sales-orders/[id]/payments           0 B                0 B
Γö£ ╞Æ /api/ims/sales-orders/[id]/payments/[pid]     0 B                0 B
Γö£ ╞Æ /api/ims/sales-orders/[id]/pdf                0 B                0 B
Γö£ ╞Æ /api/ims/settings                             0 B                0 B
Γö£ ╞Æ /api/ims/shopify/import-images                0 B                0 B
Γö£ ╞Æ /api/ims/shopify/import-orders                0 B                0 B
Γö£ ╞Æ /api/ims/shopify/payout-sync                  0 B                0 B
Γö£ ╞Æ /api/ims/shopify/payouts-test                 0 B                0 B
Γö£ ╞Æ /api/ims/shopify/products                     0 B                0 B
Γö£ ╞Æ /api/ims/shopify/reconcile                    0 B                0 B
Γö£ ╞Æ /api/ims/shopify/status                       0 B                0 B
Γö£ ╞Æ /api/ims/shopify/sync-inventory               0 B                0 B
Γö£ ╞Æ /api/ims/shopify/sync-log                     0 B                0 B
Γö£ ╞Æ /api/ims/shopify/sync-prices                  0 B                0 B
Γö£ ╞Æ /api/ims/shopify/upload                       0 B                0 B
Γö£ ╞Æ /api/ims/shopify/webhook-status               0 B                0 B
Γö£ ╞Æ /api/ims/stock                                0 B                0 B
Γö£ ╞Æ /api/ims/stocktakes                           0 B                0 B
Γö£ ╞Æ /api/ims/stocktakes/[id]                      0 B                0 B
Γö£ ╞Æ /api/ims/stocktakes/[id]/apply                0 B                0 B
Γö£ ╞Æ /api/ims/stocktakes/[id]/items                0 B                0 B
Γö£ ╞Æ /api/ims/stocktakes/preview                   0 B                0 B
Γö£ ╞Æ /api/ims/sync                                 0 B                0 B
Γö£ ╞Æ /api/ims/variants                             0 B                0 B
Γö£ ╞Æ /api/ims/variants/[id]                        0 B                0 B
Γö£ ╞Æ /api/ims/variants/by-barcode                  0 B                0 B
Γö£ ╞Æ /api/ims/xero/bill-details                    0 B                0 B
Γö£ ╞Æ /api/ims/xero/dismiss                         0 B                0 B
Γö£ ╞Æ /api/ims/xero/invoice-details                 0 B                0 B
Γö£ ╞Æ /api/ims/xero/push                            0 B                0 B
Γö£ ╞Æ /api/ims/xero/queued                          0 B                0 B
Γö£ ╞Æ /api/ims/xero/void                            0 B                0 B
Γö£ ╞Æ /api/inventory/bulk-inactivate                0 B                0 B
Γö£ ╞Æ /api/inventory/inactive-branch-stock          0 B                0 B
Γö£ ╞Æ /api/inventory/inactive-candidates            0 B                0 B
Γö£ ╞Æ /api/inventory/lost-candidates                0 B                0 B
Γö£ ╞Æ /api/inventory/order-planner                  0 B                0 B
Γö£ ╞Æ /api/inventory/save-volumes                   0 B                0 B
Γö£ ╞Æ /api/inventory/space-analysis                 0 B                0 B
Γö£ ╞Æ /api/inventory/stock-turnover                 0 B                0 B
Γö£ ╞Æ /api/inventory/volume-calibration             0 B                0 B
Γö£ ╞Æ /api/pos/auth/logout                          0 B                0 B
Γö£ ╞Æ /api/pos/auth/me                              0 B                0 B
Γö£ ╞Æ /api/pos/auth/pin-login                       0 B                0 B
Γö£ ╞Æ /api/pos/auth/staff                           0 B                0 B
Γö£ ╞Æ /api/pos/chat                                 0 B                0 B
Γö£ ╞Æ /api/pos/chat/stream                          0 B                0 B
Γö£ ╞Æ /api/pos/eod                                  0 B                0 B
Γö£ ╞Æ /api/pos/leaderboard                          0 B                0 B
Γö£ Γùï /api/pos/locations                            0 B                0 B
Γö£ ╞Æ /api/pos/products                             0 B                0 B
Γö£ ╞Æ /api/pos/register/close                       0 B                0 B
Γö£ ╞Æ /api/pos/register/open                        0 B                0 B
Γö£ ╞Æ /api/pos/register/session                     0 B                0 B
Γö£ ╞Æ /api/pos/registers                            0 B                0 B
Γö£ ╞Æ /api/pos/registers/[id]                       0 B                0 B
Γö£ ╞Æ /api/pos/reports/daily                        0 B                0 B
Γö£ ╞Æ /api/pos/reports/graph                        0 B                0 B
Γö£ ╞Æ /api/pos/sales                                0 B                0 B
Γö£ ╞Æ /api/pos/sales/[id]                           0 B                0 B
Γö£ ╞Æ /api/pos/sales/[id]/payments                  0 B                0 B
Γö£ ╞Æ /api/pos/settings/float                       0 B                0 B
Γö£ ╞Æ /api/pos/settings/location                    0 B                0 B
Γö£ ╞Æ /api/pos/settings/payment-methods             0 B                0 B
Γö£ ╞Æ /api/pos/settings/permissions                 0 B                0 B
Γö£ ╞Æ /api/pos/settings/products                    0 B                0 B
Γö£ ╞Æ /api/pos/settings/receipt                     0 B                0 B
Γö£ ╞Æ /api/pos/setup/verify                         0 B                0 B
Γö£ ╞Æ /api/pos/stock                                0 B                0 B
Γö£ ╞Æ /api/pos/target                               0 B                0 B
Γö£ ╞Æ /api/pos/xero/sync-eod                        0 B                0 B
Γö£ ╞Æ /api/settings/inventory-source                0 B                0 B
Γö£ ╞Æ /api/sync/analytics                           0 B                0 B
Γö£ ╞Æ /api/sync/branches                            0 B                0 B
Γö£ ╞Æ /api/sync/catalog                             0 B                0 B
Γö£ ╞Æ /api/sync/cin7                                0 B                0 B
Γö£ ╞Æ /api/sync/gmail                               0 B                0 B
Γö£ ╞Æ /api/sync/google-ads                          0 B                0 B
Γö£ ╞Æ /api/sync/klaviyo                             0 B                0 B
Γö£ ╞Æ /api/sync/marketing                           0 B                0 B
Γö£ ╞Æ /api/sync/meta-ads                            0 B                0 B
Γö£ ╞Æ /api/sync/products                            0 B                0 B
Γö£ ╞Æ /api/sync/sales                               0 B                0 B
Γö£ ╞Æ /api/sync/sales-by-branch                     0 B                0 B
Γö£ ╞Æ /api/sync/shopify                             0 B                0 B
Γö£ ╞Æ /api/sync/shopify/collections                 0 B                0 B
Γö£ ╞Æ /api/sync/shopify/orders                      0 B                0 B
Γö£ ╞Æ /api/sync/suppliers                           0 B                0 B
Γö£ ╞Æ /api/user/brand-profile                       0 B                0 B
Γö£ ╞Æ /api/user/business-connections                0 B                0 B
Γö£ ╞Æ /api/user/business-info                       0 B                0 B
Γö£ ╞Æ /api/user/businesses                          0 B                0 B
Γö£ ╞Æ /api/user/cs-guidelines                       0 B                0 B
Γö£ ╞Æ /api/user/marketing-mission                   0 B                0 B
Γö£ ╞Æ /api/user/marketing-settings                  0 B                0 B
Γö£ ╞Æ /api/user/me                                  0 B                0 B
Γö£ ╞Æ /api/user/product-schema                      0 B                0 B
Γö£ ╞Æ /api/webhooks/shopify/orders                  0 B                0 B
Γö£ ╞Æ /api/webhooks/shopify/orders/[businessId]     0 B                0 B
Γö£ ╞Æ /api/website/bulk-edit/commit                 0 B                0 B
Γö£ ╞Æ /api/website/bulk-edit/history                0 B                0 B
Γö£ ╞Æ /api/website/bulk-edit/preview                0 B                0 B
Γö£ ╞Æ /api/website/generate-content                 0 B                0 B
Γö£ ╞Æ /api/website/judge-urls                       0 B                0 B
Γö£ ╞Æ /api/website/pending-online                   0 B                0 B
Γö£ ╞Æ /api/website/push-to-cin7                     0 B                0 B
Γö£ ╞Æ /api/website/push-to-shopify                  0 B                0 B
Γö£ ╞Æ /api/website/scrape-photos                    0 B                0 B
Γö£ ╞Æ /api/website/serper-search                    0 B                0 B
Γö£ ╞Æ /api/website/tavily-preflight                 0 B                0 B
Γö£ ╞Æ /api/website/update-product                   0 B                0 B
Γö£ ╞Æ /api/xero/accounts                            0 B                0 B
Γö£ ╞Æ /api/xero/callback                            0 B                0 B
Γö£ ╞Æ /api/xero/connect                             0 B                0 B
Γö£ ╞Æ /api/xero/disconnect                          0 B                0 B
Γö£ ╞Æ /api/xero/gateway-mappings                    0 B                0 B
Γö£ ╞Æ /api/xero/refresh                             0 B                0 B
Γö£ ╞Æ /api/xero/status                              0 B                0 B
Γö£ ╞Æ /api/xero/sync-log                            0 B                0 B
Γö£ ╞Æ /api/xero/sync/cogs-journal                   0 B                0 B
Γö£ ╞Æ /api/xero/sync/daily-sales                    0 B                0 B
Γö£ ╞Æ /api/xero/sync/po-bill                        0 B                0 B
Γö£ ╞Æ /api/xero/sync/po-payment                     0 B                0 B
Γö£ ╞Æ /api/xero/sync/so-invoice                     0 B                0 B
Γö£ ╞Æ /api/xero/sync/stocktake-journal              0 B                0 B
Γö£ ╞Æ /api/xero/tracking                            0 B                0 B
Γö£ Γùï /business-info                                1.45 kB        88.8 kB
Γö£ Γùï /connections                                  138 B          87.5 kB
Γö£ Γùï /dashboard                                    71.9 kB         185 kB
Γö£ Γùï /forgot-password                              1.28 kB        97.3 kB
Γö£ Γùï /ims                                          166 kB          253 kB
Γö£ Γùï /login                                        1.84 kB        97.9 kB
Γö£ Γùï /pos                                          69.1 kB         156 kB
Γö£ Γùï /pricing                                      5.1 kB          101 kB
Γö£ Γùï /receive                                      10.6 kB        97.9 kB
Γö£ Γùï /register                                     1.42 kB        97.5 kB
Γö£ Γùï /reset-password                               1.43 kB        97.5 kB
Γöö Γùï /setup                                        171 B           105 kB
+ First Load JS shared by all                     87.3 kB
  Γö£ chunks/117-9b84756fc6a7da7b.js                31.7 kB
  Γö£ chunks/fd9d1056-62ec0c1e6d6699b4.js           53.6 kB
  Γöö other shared chunks (total)                   1.95 kB


╞Æ Middleware                                      26.7 kB

Γùï  (Static)   prerendered as static content
╞Æ  (Dynamic)  server-rendered on demand

